#
# A fatal error has been detected by the Java Runtime Environment:
#
#  EXCEPTION_ACCESS_VIOLATION (0xc0000005) at pc=0x00007ffb77300c0e, pid=7748, tid=7752
#
# JRE version:  (22.0.2+9) (build )
# Java VM: Java HotSpot(TM) 64-Bit Server VM (22.0.2+9-70, mixed mode, sharing, tiered, compressed oops, compressed class ptrs, g1 gc, windows-amd64)
# Problematic frame:
# V  [jvm.dll+0x310c0e]
#
# No core dump will be written. Minidumps are not enabled by default on client versions of Windows
#
#

---------------  S U M M A R Y ------------

Command Line: -javaagent:E:\Program Files\JetBrains\IntelliJ IDEA Community Edition 2022.3.2\lib\idea_rt.jar=49881:E:\Program Files\JetBrains\IntelliJ IDEA Community Edition 2022.3.2\bin -Dfile.encoding=UTF-8 main

Host: Intel(R) Core(TM) i7-7700K CPU @ 4.20GHz, 8 cores, 23G,  Windows 10 , 64 bit Build 19041 (10.0.19041.3570)
Time: Thu Jan 15 07:17:21 2026 Paris, Madrid elapsed time: 0.027848 seconds (0d 0h 0m 0s)

---------------  T H R E A D  ---------------

Current thread (0x000001c7b0c61350):  JavaThread "Unknown thread" [_thread_in_vm, id=7752, stack(0x0000002211300000,0x0000002211400000) (1024K)]

Stack: [0x0000002211300000,0x0000002211400000],  sp=0x00000022113ff130,  free space=1020k
Native frames: (J=compiled Java code, j=interpreted, Vv=VM code, C=native code)
V  [jvm.dll+0x310c0e]  (no source info available)
V  [jvm.dll+0x311598]  (no source info available)
V  [jvm.dll+0x68bfd9]  (no source info available)
V  [jvm.dll+0x68c209]  (no source info available)
V  [jvm.dll+0x68b5a1]  (no source info available)
V  [jvm.dll+0x686dd7]  (no source info available)
V  [jvm.dll+0x83d5f8]  (no source info available)
V  [jvm.dll+0x3c10d1]  (no source info available)
V  [jvm.dll+0x8264cc]  (no source info available)
V  [jvm.dll+0x45bd5e]  (no source info available)
V  [jvm.dll+0x45dbe1]  (no source info available)
C  [jli.dll+0x52a3]  (no source info available)
C  [ucrtbase.dll+0x21bb2]  (no source info available)
C  [KERNEL32.DLL+0x17344]  (no source info available)
C  [ntdll.dll+0x526b1]  (no source info available)


siginfo: EXCEPTION_ACCESS_VIOLATION (0xc0000005), reading address 0x0000000000000000


Registers:
RAX=0x000080f009c741fc, RBX=0x0000000000000000, RCX=0x0000000000000000, RDX=0x0000000000000001
RSP=0x00000022113ff130, RBP=0x0000000000000001, RSI=0x000001c7cd30a018, RDI=0x000001c7cc2b0f50
R8 =0x0000000000000001, R9 =0x0000000000000001, R10=0x0000000000000000, R11=0x00000022113ff1a8
R12=0x0000000000000001, R13=0x000001c7b0c45dc0, R14=0x0000000000000001, R15=0x000001c7cd000000
RIP=0x00007ffb77300c0e, EFLAGS=0x0000000000010246


Top of Stack: (sp=0x00000022113ff130)
0x00000022113ff130:   000001c7cdc60000 0000000800000000
0x00000022113ff140:   0000000800c60000 000001c7cd000000
0x00000022113ff150:   000001c7cdc60000 000001bfcd000000
0x00000022113ff160:   000001c7cd000000 0000000000000001
0x00000022113ff170:   00000022113ff280 0000000000000000
0x00000022113ff180:   000080f009c741fc 000001bfcd000000
0x00000022113ff190:   000001c7cc2b0f50 0000000000000000
0x00000022113ff1a0:   000001c7cc2b0f50 00007ffb77301598
0x00000022113ff1b0:   000001c7cd000000 0000000000000000
0x00000022113ff1c0:   0000000000000000 00007ffbbcbe84e6
0x00000022113ff1d0:   000001c7cd000000 0000000001000000
0x00000022113ff1e0:   0000000000000000 0000000000010000
0x00000022113ff1f0:   0000000000001000 ffffffff00000000
0x00000022113ff200:   000087b393622000 0000000000000274
0x00000022113ff210:   000080f009c7417c 0000000000000000
0x00000022113ff220:   0000000000000000 0000000000000000
0x00000022113ff230:   000001c7cc2b0f50 00000022113ff3d0
0x00000022113ff240:   000001c7cc2b0f50 00007ffb7767bfd9
0x00000022113ff250:   0000000000000002 00007ffb77bd9920
0x00000022113ff260:   000001c7cc2b0f50 000001c7cd000000
0x00000022113ff270:   00000022113ff280 0000000000001000
0x00000022113ff280:   000001c7cd000000 0000000001000000
0x00000022113ff290:   0000000000000000 0000000000010000
0x00000022113ff2a0:   0000000000001000 ffffffff00000000
0x00000022113ff2b0:   000087b393622000 000001c7cc2b0f50
0x00000022113ff2c0:   0000000000000000 00007ffb7767c209
0x00000022113ff2d0:   0000000000000000 0000000001000000
0x00000022113ff2e0:   000001c7b2dc7c00 0000000000000000
0x00000022113ff2f0:   00000022113ff300 00000022113ff338
0x00000022113ff300:   000001c7cd000000 0000000001000000
0x00000022113ff310:   0000000000000000 0000000000010000
0x00000022113ff320:   0000000000001000 ffffffff00000000 

Instructions: (pc=0x00007ffb77300c0e)
0x00007ffb77300b0e:   48 8d 0d 5b d2 6d 00 e8 c6 4c ec ff 32 c0 48 83
0x00007ffb77300b1e:   c4 20 5b c3 48 85 c0 74 0c 48 8d 0d c2 9f 6d 00
0x00007ffb77300b2e:   e8 ad 4c ec ff 48 8b 05 16 3a 92 00 48 85 c0 74
0x00007ffb77300b3e:   1b 44 0f b6 83 a5 01 00 00 48 8d 0d 92 d2 6d 00
0x00007ffb77300b4e:   0f b6 93 a4 01 00 00 e8 a6 ed da ff 0f b6 05 80
0x00007ffb77300b5e:   33 93 00 38 83 a4 01 00 00 75 3f 0f b6 05 bb cc
0x00007ffb77300b6e:   8c 00 38 83 a5 01 00 00 75 30 80 bb e9 02 00 00
0x00007ffb77300b7e:   00 75 1f 48 8b 05 c8 39 92 00 c6 05 41 8d 8d 00
0x00007ffb77300b8e:   00 48 85 c0 74 0c 48 8d 0d 45 d3 6d 00 e8 60 ed
0x00007ffb77300b9e:   da ff b0 01 48 83 c4 20 5b c3 48 8b 05 a1 39 92
0x00007ffb77300bae:   00 48 85 c0 74 0c 48 8d 0d 85 d2 6d 00 e8 40 ed
0x00007ffb77300bbe:   da ff 32 c0 48 83 c4 20 5b c3 cc cc cc cc cc cc
0x00007ffb77300bce:   cc cc 4c 8b dc 57 48 83 ec 70 48 8b 05 d9 58 8f
0x00007ffb77300bde:   00 48 33 c4 48 89 44 24 50 80 3d 92 ca 8c 00 00
0x00007ffb77300bee:   49 89 5b 10 49 89 6b 18 0f b6 ea 49 89 73 f0 48
0x00007ffb77300bfe:   8b f1 74 17 80 39 00 75 12 48 8b 0d 5a 81 92 00
0x00007ffb77300c0e:   48 8b 01 ff 50 20 48 8b d8 eb 08 48 8b 59 18 48
0x00007ffb77300c1e:   83 c3 04 48 8b 05 08 82 92 00 40 b7 01 48 85 c0
0x00007ffb77300c2e:   74 0f 48 8b d3 48 8d 0d be bb 6d 00 e8 71 a1 f0
0x00007ffb77300c3e:   ff 48 8d 54 24 20 48 8b cb e8 84 fe 3c 00 85 c0
0x00007ffb77300c4e:   74 28 40 84 ed 74 23 48 8b 05 fc 38 92 00 48 85
0x00007ffb77300c5e:   c0 74 47 48 8b d3 48 8d 0d b5 bb 6d 00 e8 70 4b
0x00007ffb77300c6e:   ec ff 40 32 ff e9 31 01 00 00 80 3e 02 75 33 48
0x00007ffb77300c7e:   8b cb e8 eb 9e 3c 00 84 c0 0f 85 1c 01 00 00 48
0x00007ffb77300c8e:   8b 05 c4 38 92 00 48 85 c0 74 0f 48 8b d3 48 8d
0x00007ffb77300c9e:   0d ad bb 6d 00 e8 38 4b ec ff 40 32 ff e9 f9 00
0x00007ffb77300cae:   00 00 48 8b 46 08 48 63 6c 24 34 4c 89 74 24 60
0x00007ffb77300cbe:   4c 8b 76 10 48 85 c0 74 0d 48 3b 44 24 40 74 06
0x00007ffb77300cce:   40 0f b6 f7 eb 0c 40 32 f6 4c 3b f5 0f 84 c4 00
0x00007ffb77300cde:   00 00 48 8b 05 71 38 92 00 40 32 ff 40 38 3d 17
0x00007ffb77300cee:   32 93 00 74 28 48 85 c0 0f 84 a8 00 00 00 40 84
0x00007ffb77300cfe:   f6 48 8d 05 6a bb 6d 00 48 8d 0d 7b bb 6d 00 48 



---------------  P R O C E S S  ---------------

Threads class SMR info:
_java_thread_list=0x00007ffb77bdc1c8, length=0, elements={
}

Java Threads: ( => current thread )
Total: 0

Other Threads:
  0x000001c7b2e58000 WorkerThread "GC Thread#0"                     [id=7896, stack(0x0000002211400000,0x0000002211500000) (1024K)]
  0x000001c7b2e65160 ConcurrentGCThread "G1 Main Marker"            [id=8108, stack(0x0000002211500000,0x0000002211600000) (1024K)]
  0x000001c7b2e66410 WorkerThread "G1 Conc#0"                       [id=5420, stack(0x0000002211600000,0x0000002211700000) (1024K)]
  0x000001c7b2eae540 ConcurrentGCThread "G1 Refine#0"               [id=6448, stack(0x0000002211700000,0x0000002211800000) (1024K)]
  0x000001c7cc2ac690 ConcurrentGCThread "G1 Service"                [id=6308, stack(0x0000002211800000,0x0000002211900000) (1024K)]

=>0x000001c7b0c61350 (exited) JavaThread "Unknown thread"    [_thread_in_vm, id=7752, stack(0x0000002211300000,0x0000002211400000) (1024K)]
Total: 6

Threads with active compile tasks:
Total: 0

VM state: not at safepoint (not fully initialized)

VM Mutex/Monitor currently owned by a thread: None

Heap address: 0x0000000680800000, size: 6136 MB, Compressed Oops mode: Zero based, Oop shift amount: 3

CDS archive(s) mapped at: [0x0000000000000000-0x0000000000000000-0x0000000000000000), size 0, SharedBaseAddress: 0x0000000800000000, ArchiveRelocationMode: 1.
Narrow klass base: 0x0000000000000000, Narrow klass shift: 0, Narrow klass range: 0x0

GC Precious Log:
 CardTable entry size: 512
 Card Set container configuration: InlinePtr #cards 4 size 8 Array Of Cards #cards 32 size 80 Howl #buckets 8 coarsen threshold 7372 Howl Bitmap #cards 1024 size 144 coarsen threshold 921 Card regions per heap region 1 cards per card region 8192
 CPUs: 8 total, 8 available
 Memory: 24542M
 Large Page Support: Disabled
 NUMA Support: Disabled
 Compressed Oops: Enabled (Zero based)
 Heap Region Size: 4M
 Heap Min Capacity: 8M
 Heap Initial Capacity: 384M
 Heap Max Capacity: 6136M
 Pre-touch: Disabled
 Parallel Workers: 8
 Concurrent Workers: 2
 Concurrent Refinement Workers: 8
 Periodic GC: Disabled

Heap:
 garbage-first heap   total reserved 6283264K, committed 393216K, used 0K [0x0000000680800000, 0x0000000800000000)
  region size 4096K, 0 young (0K), 0 survivors (0K)

[error occurred during error reporting (printing heap information), id 0xc0000005, EXCEPTION_ACCESS_VIOLATION (0xc0000005) at pc=0x00007ffb7772e869]
GC Heap History (0 events):
No events

Dll operation events (1 events):
Event: 0.013 Loaded shared library C:\Program Files\Java\jdk-22\bin\java.dll

Deoptimization events (0 events):
No events

Classes loaded (0 events):
No events

Classes unloaded (0 events):
No events

Classes redefined (0 events):
No events

Internal exceptions (0 events):
No events

ZGC Phase Switch (0 events):
No events

VM Operations (0 events):
No events

Memory protections (0 events):
No events

Nmethod flushes (0 events):
No events

Events (0 events):
No events


Dynamic libraries:
0x00007ff696bc0000 - 0x00007ff696bd0000 	C:\Program Files\Java\jdk-22\bin\java.exe
0x00007ffbbf150000 - 0x00007ffbbf347000 	C:\WINDOWS\SYSTEM32\ntdll.dll
0x00007ffbbe3a0000 - 0x00007ffbbe45d000 	C:\WINDOWS\System32\KERNEL32.DLL
0x00007ffbbccd0000 - 0x00007ffbbcfc6000 	C:\WINDOWS\System32\KERNELBASE.dll
0x00007ffbbcbd0000 - 0x00007ffbbccd0000 	C:\WINDOWS\System32\ucrtbase.dll
0x00007ffb95700000 - 0x00007ffb9571b000 	C:\Program Files\Java\jdk-22\bin\VCRUNTIME140.dll
0x00007ffb8d3f0000 - 0x00007ffb8d407000 	C:\Program Files\Java\jdk-22\bin\jli.dll
0x00007ffbbe050000 - 0x00007ffbbe1ee000 	C:\WINDOWS\System32\USER32.dll
0x00007ffba8140000 - 0x00007ffba83da000 	C:\WINDOWS\WinSxS\amd64_microsoft.windows.common-controls_6595b64144ccf1df_6.0.19041.3570_none_60bb2a3971f3e41a\COMCTL32.dll
0x00007ffbbcba0000 - 0x00007ffbbcbc2000 	C:\WINDOWS\System32\win32u.dll
0x00007ffbbeb60000 - 0x00007ffbbeb8c000 	C:\WINDOWS\System32\GDI32.dll
0x00007ffbbe560000 - 0x00007ffbbe5fe000 	C:\WINDOWS\System32\msvcrt.dll
0x00007ffbbcfd0000 - 0x00007ffbbd0ea000 	C:\WINDOWS\System32\gdi32full.dll
0x00007ffbbc830000 - 0x00007ffbbc8cd000 	C:\WINDOWS\System32\msvcp_win.dll
0x00007ffbbdc80000 - 0x00007ffbbdcb0000 	C:\WINDOWS\System32\IMM32.DLL
0x00007ffba3c90000 - 0x00007ffba3c9c000 	C:\Program Files\Java\jdk-22\bin\vcruntime140_1.dll
0x00007ffb7a9f0000 - 0x00007ffb7aa7e000 	C:\Program Files\Java\jdk-22\bin\msvcp140.dll
0x00007ffb76ff0000 - 0x00007ffb77d39000 	C:\Program Files\Java\jdk-22\bin\server\jvm.dll
0x00007ffbbdcb0000 - 0x00007ffbbdd5e000 	C:\WINDOWS\System32\ADVAPI32.dll
0x00007ffbbdd60000 - 0x00007ffbbddfc000 	C:\WINDOWS\System32\sechost.dll
0x00007ffbbe600000 - 0x00007ffbbe726000 	C:\WINDOWS\System32\RPCRT4.dll
0x00007ffbbdfe0000 - 0x00007ffbbe04b000 	C:\WINDOWS\System32\WS2_32.dll
0x00007ffbbc220000 - 0x00007ffbbc26b000 	C:\WINDOWS\SYSTEM32\POWRPROF.dll
0x00007ffbb45e0000 - 0x00007ffbb45ea000 	C:\WINDOWS\SYSTEM32\VERSION.dll
0x00007ffbb1a10000 - 0x00007ffbb1a37000 	C:\WINDOWS\SYSTEM32\WINMM.dll
0x00007ffbbc200000 - 0x00007ffbbc212000 	C:\WINDOWS\SYSTEM32\UMPDC.dll
0x00007ffbba6f0000 - 0x00007ffbba702000 	C:\WINDOWS\SYSTEM32\kernel.appcore.dll
0x00007ffb9b0f0000 - 0x00007ffb9b0fa000 	C:\Program Files\Java\jdk-22\bin\jimage.dll
0x00007ffbb0430000 - 0x00007ffbb0614000 	C:\WINDOWS\SYSTEM32\DBGHELP.DLL
0x00007ffba2c50000 - 0x00007ffba2c84000 	C:\WINDOWS\SYSTEM32\dbgcore.DLL
0x00007ffbbc980000 - 0x00007ffbbca02000 	C:\WINDOWS\System32\bcryptPrimitives.dll
0x00007ffb92f50000 - 0x00007ffb92f5f000 	C:\Program Files\Java\jdk-22\bin\instrument.dll
0x00007ffb8d3d0000 - 0x00007ffb8d3ee000 	C:\Program Files\Java\jdk-22\bin\java.dll
0x00007ffbbd530000 - 0x00007ffbbdc74000 	C:\WINDOWS\System32\SHELL32.dll
0x00007ffbbde00000 - 0x00007ffbbdf2b000 	C:\WINDOWS\System32\ole32.dll
0x00007ffbbe730000 - 0x00007ffbbea84000 	C:\WINDOWS\System32\combase.dll

dbghelp: loaded successfully - version: 4.0.5 - missing functions: none
symbol engine: initialized successfully - sym options: 0x614 - pdb path: .;C:\Program Files\Java\jdk-22\bin;C:\WINDOWS\SYSTEM32;C:\WINDOWS\WinSxS\amd64_microsoft.windows.common-controls_6595b64144ccf1df_6.0.19041.3570_none_60bb2a3971f3e41a;C:\Program Files\Java\jdk-22\bin\server

VM Arguments:
jvm_args: -javaagent:E:\Program Files\JetBrains\IntelliJ IDEA Community Edition 2022.3.2\lib\idea_rt.jar=49881:E:\Program Files\JetBrains\IntelliJ IDEA Community Edition 2022.3.2\bin -Dfile.encoding=UTF-8 
java_command: main
java_class_path (initial): C:\Users\Exyo\Desktop\ia-sys-complex\projetIA\out\production\projetIA
Launcher Type: SUN_STANDARD

[Global flags]
     intx CICompilerCount                          = 4                                         {product} {ergonomic}
     uint ConcGCThreads                            = 2                                         {product} {ergonomic}
     uint G1ConcRefinementThreads                  = 8                                         {product} {ergonomic}
   size_t G1HeapRegionSize                         = 4194304                                   {product} {ergonomic}
   size_t InitialHeapSize                          = 402653184                                 {product} {ergonomic}
   size_t MarkStackSize                            = 4194304                                   {product} {ergonomic}
   size_t MaxHeapSize                              = 6434062336                                {product} {ergonomic}
   size_t MaxNewSize                               = 3858759680                                {product} {ergonomic}
   size_t MinHeapDeltaBytes                        = 4194304                                   {product} {ergonomic}
   size_t MinHeapSize                              = 8388608                                   {product} {ergonomic}
    uintx NonNMethodCodeHeapSize                   = 5839372                                {pd product} {ergonomic}
    uintx NonProfiledCodeHeapSize                  = 122909434                              {pd product} {ergonomic}
    uintx ProfiledCodeHeapSize                     = 122909434                              {pd product} {ergonomic}
    uintx ReservedCodeCacheSize                    = 251658240                              {pd product} {ergonomic}
     bool SegmentedCodeCache                       = true                                      {product} {ergonomic}
   size_t SoftMaxHeapSize                          = 6434062336                             {manageable} {ergonomic}
     bool UseCompressedOops                        = true                           {product lp64_product} {ergonomic}
     bool UseG1GC                                  = true                                      {product} {ergonomic}
     bool UseLargePagesIndividualAllocation        = false                                  {pd product} {ergonomic}

Logging:
Log output configuration:
 #0: stdout all=warning uptime,level,tags foldmultilines=false
 #1: stderr all=off uptime,level,tags foldmultilines=false

Environment Variables:
JAVA_HOME=C:\Program Files\Java\jdk-23
PATH=C:\Program Files (x86)\gtkmm\bin;C:\Program Files\Common Files\Oracle\Java\javapath;C:\Program Files (x86)\Common Files\Oracle\Java\javapath;C:\WINDOWS\system32;C:\WINDOWS;C:\WINDOWS\System32\Wbem;C:\WINDOWS\System32\WindowsPowerShell\v1.0\;C:\WINDOWS\System32\OpenSSH\;C:\Program Files\java\jdk-11\bin;D:\metasploit-framework\bin;C:\msys64\mingw64\bin;C:\Program Files\Git\cmd;C:\Program Files\Java\jdk1.8.0_281;C:\Program Files\Java\jdk-18.0.2.1;C:\Program Files (x86)\Windows Kits\10\Windows Performance Toolkit\;E:\php-8.4.5-nts-Win32-vs17-x64;C:\Program Files\dotnet\;C:\Users\Exyo\miniconda3;C:\Users\Exyo\miniconda3\Scripts;C:\ProgramData\chocolatey\bin;C:\Program Files\nodejs\;E:\prog-web-client\DevWebDir\Sdk\build-tools\35.0.0;E:\prog-web-client\DevWebDir\Sdk\platform-tools;E:\prog-web-client\DevWebDir\Sdk\cmdline-tools;E:\prog-web-client\DevWebDir\Sdk\cmdline-tools\latest\bin;E:\prog-web-client\DevWebDir\Sdk;C:\Program Files\Java\jdk-22;C:\Program Files\Java\jdk-23;C:\Users\Exyo\AppData\Local\Programs\Python\Launcher\;C:\Users\Exyo\AppData\Local\Microsoft\WindowsApps;C:\Program Files\Java\jdk1.8.0_281;C:\Users\Exyo\AppData\Local\Programs\Microsoft VS Code\bin;E:\php-8.4.5-nts-Win32-vs17-x64;C:\Users\Exyo\miniconda3;C:\Users\Exyo\miniconda3\Scripts;C:\Users\Exyo\AppData\Roaming\npm;E:\prog-web-client\DevWebDir\Sdk\build-tools\35.0.0;E:\prog-web-client\DevWebDir\Sdk\platform-tools;E:\prog-web-client\DevWebDir\Sdk\cmdline-tools;E:\prog-web-client\DevWebDir\Sdk\cmdline-tools\latest\bin;E:\prog-web-client\DevWebDir\Sdk;C:\Users\Exyo\.dotnet\tools;E:\Program Files\Steam\steamapps\common\DSX\Main_v3_Beta\;E:\Program Files\Steam\steamapps\common\DSX\Main_v3_Beta\Console
USERNAME=Exyo
OS=Windows_NT
PROCESSOR_IDENTIFIER=Intel64 Family 6 Model 158 Stepping 9, GenuineIntel
TMP=C:\Users\Exyo\AppData\Local\Temp
TEMP=C:\Users\Exyo\AppData\Local\Temp




Periodic native trim disabled

---------------  S Y S T E M  ---------------

OS:
 Windows 10 , 64 bit Build 19041 (10.0.19041.3570)
OS uptime: 0 days 0:05 hours

CPU: total 8 (initial active 8) (4 cores per cpu, 2 threads per core) family 6 model 158 stepping 9 microcode 0xb4, cx8, cmov, fxsr, ht, mmx, 3dnowpref, sse, sse2, sse3, ssse3, sse4.1, sse4.2, popcnt, lzcnt, tsc, tscinvbit, avx, avx2, aes, erms, clmul, bmi1, bmi2, rtm, adx, fma, vzeroupper, clflush, clflushopt, rdtscp, f16c
Processor Information for all 8 processors :
  Max Mhz: 4200, Current Mhz: 4200, Mhz Limit: 4200

Memory: 4k page, system-wide physical 24542M (19637M free)
TotalPageFile size 28126M (AvailPageFile size 21250M)
current process WorkingSet (physical memory assigned to process): 25M, peak: 25M
current process commit charge ("private bytes"): 465M, peak: 465M

vm_info: Java HotSpot(TM) 64-Bit Server VM (22.0.2+9-70) for windows-amd64 JRE (22.0.2+9-70), built on 2024-06-04T16:52:23Z by "mach5one" with MS VC++ 17.6 (VS2022)

END.
